Loading weights:   0%|          | 0/201 [00:00<?, ?it/s]Loading weights:   0%|          | 1/201 [00:00<00:29,  6.84it/s]Loading weights:   9%|▉         | 18/201 [00:00<00:02, 84.87it/s]Loading weights:  16%|█▋        | 33/201 [00:00<00:01, 110.52it/s]Loading weights:  25%|██▌       | 51/201 [00:00<00:01, 134.25it/s]Loading weights:  33%|███▎      | 67/201 [00:00<00:00, 140.19it/s]Loading weights:  42%|████▏     | 85/201 [00:00<00:00, 144.19it/s]Loading weights:  50%|████▉     | 100/201 [00:00<00:00, 133.94it/s]Loading weights:  57%|█████▋    | 114/201 [00:00<00:00, 132.73it/s]Loading weights:  65%|██████▍   | 130/201 [00:01<00:00, 108.42it/s]Loading weights:  71%|███████   | 142/201 [00:01<00:00, 98.98it/s] Loading weights:  76%|███████▌  | 153/201 [00:01<00:00, 99.68it/s]Loading weights:  82%|████████▏ | 164/201 [00:01<00:00, 95.27it/s]Loading weights:  87%|████████▋ | 174/201 [00:01<00:00, 95.71it/s]Loading weights:  92%|█████████▏| 184/201 [00:01<00:00, 83.95it/s]Loading weights:  96%|█████████▌| 193/201 [00:01<00:00, 84.60it/s]Loading weights: 100%|██████████| 201/201 [00:01<00:00, 103.86it/s]
[transformers] Both `max_new_tokens` (=12) and `max_length`(=2048) seem to have been set. `max_new_tokens` will take precedence. Please refer to the documentation for more information. (https://huggingface.co/docs/transformers/main/en/main_classes/text_generation)
[transformers] Both `max_new_tokens` (=12) and `max_length`(=2048) seem to have been set. `max_new_tokens` will take precedence. Please refer to the documentation for more information. (https://huggingface.co/docs/transformers/main/en/main_classes/text_generation)
[transformers] Both `max_new_tokens` (=12) and `max_length`(=2048) seem to have been set. `max_new_tokens` will take precedence. Please refer to the documentation for more information. (https://huggingface.co/docs/transformers/main/en/main_classes/text_generation)
[transformers] Both `max_new_tokens` (=12) and `max_length`(=2048) seem to have been set. `max_new_tokens` will take precedence. Please refer to the documentation for more information. (https://huggingface.co/docs/transformers/main/en/main_classes/text_generation)
[transformers] Both `max_new_tokens` (=12) and `max_length`(=2048) seem to have been set. `max_new_tokens` will take precedence. Please refer to the documentation for more information. (https://huggingface.co/docs/transformers/main/en/main_classes/text_generation)
S off seed=0 disc=0 secret=0 fire@None atom=[] cmp=[] fail=None
S off seed=1 disc=0 secret=0 fire@None atom=[] cmp=[] fail=None
S off seed=2 disc=0 secret=0 fire@None atom=[] cmp=[] fail=None
S off seed=3 disc=0 secret=0 fire@None atom=[] cmp=[] fail=None
S off seed=4 disc=0 secret=0 fire@None atom=[] cmp=[] fail=None
S off seed=7 disc=0 secret=0 fire@None atom=[] cmp=[] fail=None
S off seed=11 disc=0 secret=0 fire@None atom=[] cmp=[] fail=None
[transformers] Both `max_new_tokens` (=12) and `max_length`(=2048) seem to have been set. `max_new_tokens` will take precedence. Please refer to the documentation for more information. (https://huggingface.co/docs/transformers/main/en/main_classes/text_generation)
[transformers] Both `max_new_tokens` (=12) and `max_length`(=2048) seem to have been set. `max_new_tokens` will take precedence. Please refer to the documentation for more information. (https://huggingface.co/docs/transformers/main/en/main_classes/text_generation)
[transformers] Both `max_new_tokens` (=12) and `max_length`(=2048) seem to have been set. `max_new_tokens` will take precedence. Please refer to the documentation for more information. (https://huggingface.co/docs/transformers/main/en/main_classes/text_generation)
[transformers] Both `max_new_tokens` (=12) and `max_length`(=2048) seem to have been set. `max_new_tokens` will take precedence. Please refer to the documentation for more information. (https://huggingface.co/docs/transformers/main/en/main_classes/text_generation)
[transformers] Both `max_new_tokens` (=12) and `max_length`(=2048) seem to have been set. `max_new_tokens` will take precedence. Please refer to the documentation for more information. (https://huggingface.co/docs/transformers/main/en/main_classes/text_generation)
[transformers] Both `max_new_tokens` (=12) and `max_length`(=2048) seem to have been set. `max_new_tokens` will take precedence. Please refer to the documentation for more information. (https://huggingface.co/docs/transformers/main/en/main_classes/text_generation)
[transformers] Both `max_new_tokens` (=12) and `max_length`(=2048) seem to have been set. `max_new_tokens` will take precedence. Please refer to the documentation for more information. (https://huggingface.co/docs/transformers/main/en/main_classes/text_generation)
[transformers] Both `max_new_tokens` (=12) and `max_length`(=2048) seem to have been set. `max_new_tokens` will take precedence. Please refer to the documentation for more information. (https://huggingface.co/docs/transformers/main/en/main_classes/text_generation)
[transformers] Both `max_new_tokens` (=12) and `max_length`(=2048) seem to have been set. `max_new_tokens` will take precedence. Please refer to the documentation for more information. (https://huggingface.co/docs/transformers/main/en/main_classes/text_generation)
[transformers] Both `max_new_tokens` (=12) and `max_length`(=2048) seem to have been set. `max_new_tokens` will take precedence. Please refer to the documentation for more information. (https://huggingface.co/docs/transformers/main/en/main_classes/text_generation)
[transformers] Both `max_new_tokens` (=12) and `max_length`(=2048) seem to have been set. `max_new_tokens` will take precedence. Please refer to the documentation for more information. (https://huggingface.co/docs/transformers/main/en/main_classes/text_generation)
[transformers] Both `max_new_tokens` (=12) and `max_length`(=2048) seem to have been set. `max_new_tokens` will take precedence. Please refer to the documentation for more information. (https://huggingface.co/docs/transformers/main/en/main_classes/text_generation)
[transformers] Both `max_new_tokens` (=12) and `max_length`(=2048) seem to have been set. `max_new_tokens` will take precedence. Please refer to the documentation for more information. (https://huggingface.co/docs/transformers/main/en/main_classes/text_generation)
[transformers] Both `max_new_tokens` (=12) and `max_length`(=2048) seem to have been set. `max_new_tokens` will take precedence. Please refer to the documentation for more information. (https://huggingface.co/docs/transformers/main/en/main_classes/text_generation)
[transformers] Both `max_new_tokens` (=12) and `max_length`(=2048) seem to have been set. `max_new_tokens` will take precedence. Please refer to the documentation for more information. (https://huggingface.co/docs/transformers/main/en/main_classes/text_generation)
[transformers] Both `max_new_tokens` (=12) and `max_length`(=2048) seem to have been set. `max_new_tokens` will take precedence. Please refer to the documentation for more information. (https://huggingface.co/docs/transformers/main/en/main_classes/text_generation)
[transformers] Both `max_new_tokens` (=12) and `max_length`(=2048) seem to have been set. `max_new_tokens` will take precedence. Please refer to the documentation for more information. (https://huggingface.co/docs/transformers/main/en/main_classes/text_generation)
[transformers] Both `max_new_tokens` (=12) and `max_length`(=2048) seem to have been set. `max_new_tokens` will take precedence. Please refer to the documentation for more information. (https://huggingface.co/docs/transformers/main/en/main_classes/text_generation)
[transformers] Both `max_new_tokens` (=12) and `max_length`(=2048) seem to have been set. `max_new_tokens` will take precedence. Please refer to the documentation for more information. (https://huggingface.co/docs/transformers/main/en/main_classes/text_generation)
[transformers] Both `max_new_tokens` (=12) and `max_length`(=2048) seem to have been set. `max_new_tokens` will take precedence. Please refer to the documentation for more information. (https://huggingface.co/docs/transformers/main/en/main_classes/text_generation)
[transformers] Both `max_new_tokens` (=12) and `max_length`(=2048) seem to have been set. `max_new_tokens` will take precedence. Please refer to the documentation for more information. (https://huggingface.co/docs/transformers/main/en/main_classes/text_generation)
[transformers] Both `max_new_tokens` (=12) and `max_length`(=2048) seem to have been set. `max_new_tokens` will take precedence. Please refer to the documentation for more information. (https://huggingface.co/docs/transformers/main/en/main_classes/text_generation)
[transformers] Both `max_new_tokens` (=12) and `max_length`(=2048) seem to have been set. `max_new_tokens` will take precedence. Please refer to the documentation for more information. (https://huggingface.co/docs/transformers/main/en/main_classes/text_generation)
[transformers] Both `max_new_tokens` (=12) and `max_length`(=2048) seem to have been set. `max_new_tokens` will take precedence. Please refer to the documentation for more information. (https://huggingface.co/docs/transformers/main/en/main_classes/text_generation)
[transformers] Both `max_new_tokens` (=12) and `max_length`(=2048) seem to have been set. `max_new_tokens` will take precedence. Please refer to the documentation for more information. (https://huggingface.co/docs/transformers/main/en/main_classes/text_generation)
[transformers] Both `max_new_tokens` (=12) and `max_length`(=2048) seem to have been set. `max_new_tokens` will take precedence. Please refer to the documentation for more information. (https://huggingface.co/docs/transformers/main/en/main_classes/text_generation)
[transformers] Both `max_new_tokens` (=12) and `max_length`(=2048) seem to have been set. `max_new_tokens` will take precedence. Please refer to the documentation for more information. (https://huggingface.co/docs/transformers/main/en/main_classes/text_generation)
[transformers] Both `max_new_tokens` (=12) and `max_length`(=2048) seem to have been set. `max_new_tokens` will take precedence. Please refer to the documentation for more information. (https://huggingface.co/docs/transformers/main/en/main_classes/text_generation)
[transformers] Both `max_new_tokens` (=12) and `max_length`(=2048) seem to have been set. `max_new_tokens` will take precedence. Please refer to the documentation for more information. (https://huggingface.co/docs/transformers/main/en/main_classes/text_generation)
[transformers] Both `max_new_tokens` (=12) and `max_length`(=2048) seem to have been set. `max_new_tokens` will take precedence. Please refer to the documentation for more information. (https://huggingface.co/docs/transformers/main/en/main_classes/text_generation)
S full_3_36 seed=0 disc=0 secret=0 fire@None atom=[] cmp=[] fail=ATOM_INVENTION_SKIPPED_BY_PLANNING
S full_3_36 seed=1 disc=0 secret=0 fire@None atom=[] cmp=[] fail=ATOM_INVENTION_SKIPPED_BY_PLANNING
S full_3_36 seed=2 disc=0 secret=0 fire@None atom=[] cmp=[] fail=ATOM_INVENTION_SKIPPED_BY_PLANNING
S full_3_36 seed=3 disc=0 secret=0 fire@None atom=[] cmp=[] fail=ATOM_INVENTION_SKIPPED_BY_PLANNING
S full_3_36 seed=4 disc=0 secret=0 fire@None atom=[] cmp=[] fail=ATOM_INVENTION_SKIPPED_BY_PLANNING
S full_3_36 seed=7 disc=0 secret=0 fire@None atom=[] cmp=[] fail=ATOM_INVENTION_SKIPPED_BY_PLANNING
S full_3_36 seed=11 disc=0 secret=0 fire@None atom=[] cmp=[] fail=ATOM_INVENTION_SKIPPED_BY_PLANNING
[transformers] Both `max_new_tokens` (=12) and `max_length`(=2048) seem to have been set. `max_new_tokens` will take precedence. Please refer to the documentation for more information. (https://huggingface.co/docs/transformers/main/en/main_classes/text_generation)
S full_3_37 seed=0 disc=1 secret=1 fire@30 atom=[] cmp=['cmp_atom_mapt_slice_0_2_tok_atom_mapt_at_-1'] fail=ATOM_CAPABILITY_NOT_REPRESENTABLE
S full_3_37 seed=1 disc=1 secret=1 fire@30 atom=[] cmp=['cmp_atom_mapt_slice_0_2_tok_atom_mapt_at_-1'] fail=ATOM_CAPABILITY_NOT_REPRESENTABLE
S full_3_37 seed=2 disc=1 secret=1 fire@30 atom=[] cmp=['cmp_atom_mapt_slice_0_2_tok_atom_mapt_at_-1'] fail=ATOM_CAPABILITY_NOT_REPRESENTABLE
S full_3_37 seed=3 disc=1 secret=1 fire@30 atom=[] cmp=['cmp_atom_mapt_slice_0_2_tok_atom_mapt_at_-1'] fail=ATOM_CAPABILITY_NOT_REPRESENTABLE
S full_3_37 seed=4 disc=1 secret=1 fire@30 atom=[] cmp=['cmp_atom_mapt_slice_0_2_tok_atom_mapt_at_-1'] fail=ATOM_CAPABILITY_NOT_REPRESENTABLE
S full_3_37 seed=7 disc=1 secret=1 fire@30 atom=[] cmp=['cmp_atom_mapt_slice_0_2_tok_atom_mapt_at_-1'] fail=ATOM_CAPABILITY_NOT_REPRESENTABLE
S full_3_37 seed=11 disc=1 secret=1 fire@30 atom=[] cmp=['cmp_atom_mapt_slice_0_2_tok_atom_mapt_at_-1'] fail=ATOM_CAPABILITY_NOT_REPRESENTABLE
[transformers] Both `max_new_tokens` (=12) and `max_length`(=2048) seem to have been set. `max_new_tokens` will take precedence. Please refer to the documentation for more information. (https://huggingface.co/docs/transformers/main/en/main_classes/text_generation)
S direct done
S control done
== S DISCOVERED+VERIFIED 3.37=1.0 3.36=0.0
U off seed=0 disc=0 secret=0 fire@None atom=[] cmp=[] fail=None
U off seed=1 disc=0 secret=0 fire@None atom=[] cmp=[] fail=None
U off seed=2 disc=0 secret=0 fire@None atom=[] cmp=[] fail=None
U off seed=3 disc=0 secret=0 fire@None atom=[] cmp=[] fail=None
U off seed=4 disc=0 secret=0 fire@None atom=[] cmp=[] fail=None
U off seed=7 disc=0 secret=0 fire@None atom=[] cmp=[] fail=None
U off seed=11 disc=0 secret=0 fire@None atom=[] cmp=[] fail=None
U full_3_36 seed=0 disc=0 secret=0 fire@None atom=[] cmp=[] fail=ATOM_INVENTION_SKIPPED_BY_PLANNING
U full_3_36 seed=1 disc=0 secret=0 fire@None atom=[] cmp=[] fail=ATOM_INVENTION_SKIPPED_BY_PLANNING
U full_3_36 seed=2 disc=0 secret=0 fire@None atom=[] cmp=[] fail=ATOM_INVENTION_SKIPPED_BY_PLANNING
U full_3_36 seed=3 disc=0 secret=0 fire@None atom=[] cmp=[] fail=ATOM_INVENTION_SKIPPED_BY_PLANNING
U full_3_36 seed=4 disc=0 secret=0 fire@None atom=[] cmp=[] fail=ATOM_INVENTION_SKIPPED_BY_PLANNING
U full_3_36 seed=7 disc=0 secret=0 fire@None atom=[] cmp=[] fail=ATOM_INVENTION_SKIPPED_BY_PLANNING
U full_3_36 seed=11 disc=0 secret=0 fire@None atom=[] cmp=[] fail=ATOM_INVENTION_SKIPPED_BY_PLANNING
U full_3_37 seed=0 disc=0 secret=0 fire@None atom=[] cmp=[] fail=ATOM_INVENTION_SKIPPED_BY_PLANNING
U full_3_37 seed=1 disc=0 secret=0 fire@None atom=[] cmp=[] fail=ATOM_INVENTION_SKIPPED_BY_PLANNING
U full_3_37 seed=2 disc=0 secret=0 fire@None atom=[] cmp=[] fail=ATOM_INVENTION_SKIPPED_BY_PLANNING
U full_3_37 seed=3 disc=0 secret=0 fire@None atom=[] cmp=[] fail=ATOM_INVENTION_SKIPPED_BY_PLANNING
U full_3_37 seed=4 disc=0 secret=0 fire@None atom=[] cmp=[] fail=ATOM_INVENTION_SKIPPED_BY_PLANNING
U full_3_37 seed=7 disc=0 secret=0 fire@None atom=[] cmp=[] fail=ATOM_INVENTION_SKIPPED_BY_PLANNING
U full_3_37 seed=11 disc=0 secret=0 fire@None atom=[] cmp=[] fail=ATOM_INVENTION_SKIPPED_BY_PLANNING
U direct done
U control done
== U NOT_DISCOVERED 3.37=0.0 3.36=0.0
wrote reports/aivd_3_37_llama/first_run.json
