Loading weights:   0%|          | 0/201 [00:00<?, ?it/s]Loading weights:   0%|          | 1/201 [00:00<00:31,  6.35it/s]Loading weights:  11%|█         | 22/201 [00:00<00:01, 101.27it/s]Loading weights:  21%|██        | 42/201 [00:00<00:01, 130.65it/s]Loading weights:  30%|██▉       | 60/201 [00:00<00:00, 146.25it/s]Loading weights:  38%|███▊      | 77/201 [00:00<00:00, 148.91it/s]Loading weights:  47%|████▋     | 94/201 [00:00<00:00, 145.15it/s]Loading weights:  56%|█████▌    | 112/201 [00:00<00:00, 147.03it/s]Loading weights:  63%|██████▎   | 127/201 [00:00<00:00, 125.40it/s]Loading weights:  70%|███████   | 141/201 [00:01<00:00, 101.52it/s]Loading weights:  76%|███████▌  | 153/201 [00:01<00:00, 102.91it/s]Loading weights:  82%|████████▏ | 165/201 [00:01<00:00, 103.89it/s]Loading weights:  88%|████████▊ | 176/201 [00:01<00:00, 91.58it/s] Loading weights:  93%|█████████▎| 186/201 [00:01<00:00, 82.81it/s]Loading weights:  97%|█████████▋| 195/201 [00:01<00:00, 83.72it/s]Loading weights: 100%|██████████| 201/201 [00:01<00:00, 108.39it/s]
[transformers] Both `max_new_tokens` (=12) and `max_length`(=2048) seem to have been set. `max_new_tokens` will take precedence. Please refer to the documentation for more information. (https://huggingface.co/docs/transformers/main/en/main_classes/text_generation)
[transformers] Both `max_new_tokens` (=12) and `max_length`(=2048) seem to have been set. `max_new_tokens` will take precedence. Please refer to the documentation for more information. (https://huggingface.co/docs/transformers/main/en/main_classes/text_generation)
[transformers] Both `max_new_tokens` (=12) and `max_length`(=2048) seem to have been set. `max_new_tokens` will take precedence. Please refer to the documentation for more information. (https://huggingface.co/docs/transformers/main/en/main_classes/text_generation)
[transformers] Both `max_new_tokens` (=12) and `max_length`(=2048) seem to have been set. `max_new_tokens` will take precedence. Please refer to the documentation for more information. (https://huggingface.co/docs/transformers/main/en/main_classes/text_generation)
[transformers] Both `max_new_tokens` (=12) and `max_length`(=2048) seem to have been set. `max_new_tokens` will take precedence. Please refer to the documentation for more information. (https://huggingface.co/docs/transformers/main/en/main_classes/text_generation)
S off seed=0 disc=0 secret=0 fire@None atom=[] fail=None
S off seed=1 disc=0 secret=0 fire@None atom=[] fail=None
S off seed=2 disc=0 secret=0 fire@None atom=[] fail=None
S off seed=3 disc=0 secret=0 fire@None atom=[] fail=None
S off seed=4 disc=0 secret=0 fire@None atom=[] fail=None
S off seed=7 disc=0 secret=0 fire@None atom=[] fail=None
S off seed=11 disc=0 secret=0 fire@None atom=[] fail=None
[transformers] Both `max_new_tokens` (=12) and `max_length`(=2048) seem to have been set. `max_new_tokens` will take precedence. Please refer to the documentation for more information. (https://huggingface.co/docs/transformers/main/en/main_classes/text_generation)
[transformers] Both `max_new_tokens` (=12) and `max_length`(=2048) seem to have been set. `max_new_tokens` will take precedence. Please refer to the documentation for more information. (https://huggingface.co/docs/transformers/main/en/main_classes/text_generation)
[transformers] Both `max_new_tokens` (=12) and `max_length`(=2048) seem to have been set. `max_new_tokens` will take precedence. Please refer to the documentation for more information. (https://huggingface.co/docs/transformers/main/en/main_classes/text_generation)
[transformers] Both `max_new_tokens` (=12) and `max_length`(=2048) seem to have been set. `max_new_tokens` will take precedence. Please refer to the documentation for more information. (https://huggingface.co/docs/transformers/main/en/main_classes/text_generation)
[transformers] Both `max_new_tokens` (=12) and `max_length`(=2048) seem to have been set. `max_new_tokens` will take precedence. Please refer to the documentation for more information. (https://huggingface.co/docs/transformers/main/en/main_classes/text_generation)
[transformers] Both `max_new_tokens` (=12) and `max_length`(=2048) seem to have been set. `max_new_tokens` will take precedence. Please refer to the documentation for more information. (https://huggingface.co/docs/transformers/main/en/main_classes/text_generation)
[transformers] Both `max_new_tokens` (=12) and `max_length`(=2048) seem to have been set. `max_new_tokens` will take precedence. Please refer to the documentation for more information. (https://huggingface.co/docs/transformers/main/en/main_classes/text_generation)
[transformers] Both `max_new_tokens` (=12) and `max_length`(=2048) seem to have been set. `max_new_tokens` will take precedence. Please refer to the documentation for more information. (https://huggingface.co/docs/transformers/main/en/main_classes/text_generation)
[transformers] Both `max_new_tokens` (=12) and `max_length`(=2048) seem to have been set. `max_new_tokens` will take precedence. Please refer to the documentation for more information. (https://huggingface.co/docs/transformers/main/en/main_classes/text_generation)
[transformers] Both `max_new_tokens` (=12) and `max_length`(=2048) seem to have been set. `max_new_tokens` will take precedence. Please refer to the documentation for more information. (https://huggingface.co/docs/transformers/main/en/main_classes/text_generation)
[transformers] Both `max_new_tokens` (=12) and `max_length`(=2048) seem to have been set. `max_new_tokens` will take precedence. Please refer to the documentation for more information. (https://huggingface.co/docs/transformers/main/en/main_classes/text_generation)
[transformers] Both `max_new_tokens` (=12) and `max_length`(=2048) seem to have been set. `max_new_tokens` will take precedence. Please refer to the documentation for more information. (https://huggingface.co/docs/transformers/main/en/main_classes/text_generation)
[transformers] Both `max_new_tokens` (=12) and `max_length`(=2048) seem to have been set. `max_new_tokens` will take precedence. Please refer to the documentation for more information. (https://huggingface.co/docs/transformers/main/en/main_classes/text_generation)
[transformers] Both `max_new_tokens` (=12) and `max_length`(=2048) seem to have been set. `max_new_tokens` will take precedence. Please refer to the documentation for more information. (https://huggingface.co/docs/transformers/main/en/main_classes/text_generation)
[transformers] Both `max_new_tokens` (=12) and `max_length`(=2048) seem to have been set. `max_new_tokens` will take precedence. Please refer to the documentation for more information. (https://huggingface.co/docs/transformers/main/en/main_classes/text_generation)
[transformers] Both `max_new_tokens` (=12) and `max_length`(=2048) seem to have been set. `max_new_tokens` will take precedence. Please refer to the documentation for more information. (https://huggingface.co/docs/transformers/main/en/main_classes/text_generation)
[transformers] Both `max_new_tokens` (=12) and `max_length`(=2048) seem to have been set. `max_new_tokens` will take precedence. Please refer to the documentation for more information. (https://huggingface.co/docs/transformers/main/en/main_classes/text_generation)
[transformers] Both `max_new_tokens` (=12) and `max_length`(=2048) seem to have been set. `max_new_tokens` will take precedence. Please refer to the documentation for more information. (https://huggingface.co/docs/transformers/main/en/main_classes/text_generation)
[transformers] Both `max_new_tokens` (=12) and `max_length`(=2048) seem to have been set. `max_new_tokens` will take precedence. Please refer to the documentation for more information. (https://huggingface.co/docs/transformers/main/en/main_classes/text_generation)
[transformers] Both `max_new_tokens` (=12) and `max_length`(=2048) seem to have been set. `max_new_tokens` will take precedence. Please refer to the documentation for more information. (https://huggingface.co/docs/transformers/main/en/main_classes/text_generation)
[transformers] Both `max_new_tokens` (=12) and `max_length`(=2048) seem to have been set. `max_new_tokens` will take precedence. Please refer to the documentation for more information. (https://huggingface.co/docs/transformers/main/en/main_classes/text_generation)
[transformers] Both `max_new_tokens` (=12) and `max_length`(=2048) seem to have been set. `max_new_tokens` will take precedence. Please refer to the documentation for more information. (https://huggingface.co/docs/transformers/main/en/main_classes/text_generation)
[transformers] Both `max_new_tokens` (=12) and `max_length`(=2048) seem to have been set. `max_new_tokens` will take precedence. Please refer to the documentation for more information. (https://huggingface.co/docs/transformers/main/en/main_classes/text_generation)
[transformers] Both `max_new_tokens` (=12) and `max_length`(=2048) seem to have been set. `max_new_tokens` will take precedence. Please refer to the documentation for more information. (https://huggingface.co/docs/transformers/main/en/main_classes/text_generation)
[transformers] Both `max_new_tokens` (=12) and `max_length`(=2048) seem to have been set. `max_new_tokens` will take precedence. Please refer to the documentation for more information. (https://huggingface.co/docs/transformers/main/en/main_classes/text_generation)
[transformers] Both `max_new_tokens` (=12) and `max_length`(=2048) seem to have been set. `max_new_tokens` will take precedence. Please refer to the documentation for more information. (https://huggingface.co/docs/transformers/main/en/main_classes/text_generation)
[transformers] Both `max_new_tokens` (=12) and `max_length`(=2048) seem to have been set. `max_new_tokens` will take precedence. Please refer to the documentation for more information. (https://huggingface.co/docs/transformers/main/en/main_classes/text_generation)
[transformers] Both `max_new_tokens` (=12) and `max_length`(=2048) seem to have been set. `max_new_tokens` will take precedence. Please refer to the documentation for more information. (https://huggingface.co/docs/transformers/main/en/main_classes/text_generation)
[transformers] Both `max_new_tokens` (=12) and `max_length`(=2048) seem to have been set. `max_new_tokens` will take precedence. Please refer to the documentation for more information. (https://huggingface.co/docs/transformers/main/en/main_classes/text_generation)
[transformers] Both `max_new_tokens` (=12) and `max_length`(=2048) seem to have been set. `max_new_tokens` will take precedence. Please refer to the documentation for more information. (https://huggingface.co/docs/transformers/main/en/main_classes/text_generation)
S full_3_34 seed=0 disc=0 secret=0 fire@None atom=[] fail=ATOM_INVENTION_SKIPPED_BY_PLANNING
S full_3_34 seed=1 disc=0 secret=0 fire@None atom=[] fail=ATOM_INVENTION_SKIPPED_BY_PLANNING
S full_3_34 seed=2 disc=0 secret=0 fire@None atom=[] fail=ATOM_INVENTION_SKIPPED_BY_PLANNING
S full_3_34 seed=3 disc=0 secret=0 fire@None atom=[] fail=ATOM_INVENTION_SKIPPED_BY_PLANNING
S full_3_34 seed=4 disc=0 secret=0 fire@None atom=[] fail=ATOM_INVENTION_SKIPPED_BY_PLANNING
S full_3_34 seed=7 disc=0 secret=0 fire@None atom=[] fail=ATOM_INVENTION_SKIPPED_BY_PLANNING
S full_3_34 seed=11 disc=0 secret=0 fire@None atom=[] fail=ATOM_INVENTION_SKIPPED_BY_PLANNING
[transformers] Both `max_new_tokens` (=12) and `max_length`(=2048) seem to have been set. `max_new_tokens` will take precedence. Please refer to the documentation for more information. (https://huggingface.co/docs/transformers/main/en/main_classes/text_generation)
S full_3_35 seed=0 disc=1 secret=1 fire@29 atom=['atom_mapt_at_-1'] fail=ATOM_CAPABILITY_NOT_REPRESENTABLE
S full_3_35 seed=1 disc=1 secret=1 fire@29 atom=['atom_mapt_at_-1'] fail=ATOM_CAPABILITY_NOT_REPRESENTABLE
S full_3_35 seed=2 disc=1 secret=1 fire@29 atom=['atom_mapt_at_-1'] fail=ATOM_CAPABILITY_NOT_REPRESENTABLE
S full_3_35 seed=3 disc=1 secret=1 fire@29 atom=['atom_mapt_at_-1'] fail=ATOM_CAPABILITY_NOT_REPRESENTABLE
S full_3_35 seed=4 disc=1 secret=1 fire@29 atom=['atom_mapt_at_-1'] fail=ATOM_CAPABILITY_NOT_REPRESENTABLE
S full_3_35 seed=7 disc=1 secret=1 fire@29 atom=['atom_mapt_at_-1'] fail=ATOM_CAPABILITY_NOT_REPRESENTABLE
S full_3_35 seed=11 disc=1 secret=1 fire@29 atom=['atom_mapt_at_-1'] fail=ATOM_CAPABILITY_NOT_REPRESENTABLE
S direct done
S control done
== S DISCOVERED+VERIFIED 3.35=1.0 3.34=0.0
U off seed=0 disc=0 secret=0 fire@None atom=[] fail=None
U off seed=1 disc=0 secret=0 fire@None atom=[] fail=None
U off seed=2 disc=0 secret=0 fire@None atom=[] fail=None
U off seed=3 disc=0 secret=0 fire@None atom=[] fail=None
U off seed=4 disc=0 secret=0 fire@None atom=[] fail=None
U off seed=7 disc=0 secret=0 fire@None atom=[] fail=None
U off seed=11 disc=0 secret=0 fire@None atom=[] fail=None
U full_3_34 seed=0 disc=0 secret=0 fire@None atom=[] fail=ATOM_INVENTION_SKIPPED_BY_PLANNING
U full_3_34 seed=1 disc=0 secret=0 fire@None atom=[] fail=ATOM_INVENTION_SKIPPED_BY_PLANNING
U full_3_34 seed=2 disc=0 secret=0 fire@None atom=[] fail=ATOM_INVENTION_SKIPPED_BY_PLANNING
U full_3_34 seed=3 disc=0 secret=0 fire@None atom=[] fail=ATOM_INVENTION_SKIPPED_BY_PLANNING
U full_3_34 seed=4 disc=0 secret=0 fire@None atom=[] fail=ATOM_INVENTION_SKIPPED_BY_PLANNING
U full_3_34 seed=7 disc=0 secret=0 fire@None atom=[] fail=ATOM_INVENTION_SKIPPED_BY_PLANNING
U full_3_34 seed=11 disc=0 secret=0 fire@None atom=[] fail=ATOM_INVENTION_SKIPPED_BY_PLANNING
U full_3_35 seed=0 disc=0 secret=0 fire@None atom=[] fail=ATOM_INVENTION_SKIPPED_BY_PLANNING
U full_3_35 seed=1 disc=0 secret=0 fire@None atom=[] fail=ATOM_INVENTION_SKIPPED_BY_PLANNING
U full_3_35 seed=2 disc=0 secret=0 fire@None atom=[] fail=ATOM_INVENTION_SKIPPED_BY_PLANNING
U full_3_35 seed=3 disc=0 secret=0 fire@None atom=[] fail=ATOM_INVENTION_SKIPPED_BY_PLANNING
U full_3_35 seed=4 disc=0 secret=0 fire@None atom=[] fail=ATOM_INVENTION_SKIPPED_BY_PLANNING
U full_3_35 seed=7 disc=0 secret=0 fire@None atom=[] fail=ATOM_INVENTION_SKIPPED_BY_PLANNING
U full_3_35 seed=11 disc=0 secret=0 fire@None atom=[] fail=ATOM_INVENTION_SKIPPED_BY_PLANNING
U direct done
U control done
== U NOT_DISCOVERED 3.35=0.0 3.34=0.0
wrote reports/aivd_3_35_llama/first_run.json
