[Phase-2 rerun] P2-R1-MODEB-ODD S seed=0 ...
Loading weights:   0%|          | 0/201 [00:00<?, ?it/s]Loading weights:  38%|███▊      | 76/201 [00:00<00:00, 744.45it/s]Loading weights:  75%|███████▌  | 151/201 [00:00<00:00, 686.69it/s]Loading weights: 100%|██████████| 201/201 [00:00<00:00, 720.79it/s]
[transformers] Both `max_new_tokens` (=12) and `max_length`(=2048) seem to have been set. `max_new_tokens` will take precedence. Please refer to the documentation for more information. (https://huggingface.co/docs/transformers/main/en/main_classes/text_generation)
[transformers] Both `max_new_tokens` (=12) and `max_length`(=2048) seem to have been set. `max_new_tokens` will take precedence. Please refer to the documentation for more information. (https://huggingface.co/docs/transformers/main/en/main_classes/text_generation)
[transformers] Both `max_new_tokens` (=12) and `max_length`(=2048) seem to have been set. `max_new_tokens` will take precedence. Please refer to the documentation for more information. (https://huggingface.co/docs/transformers/main/en/main_classes/text_generation)
[transformers] Both `max_new_tokens` (=12) and `max_length`(=2048) seem to have been set. `max_new_tokens` will take precedence. Please refer to the documentation for more information. (https://huggingface.co/docs/transformers/main/en/main_classes/text_generation)
[transformers] Both `max_new_tokens` (=12) and `max_length`(=2048) seem to have been set. `max_new_tokens` will take precedence. Please refer to the documentation for more information. (https://huggingface.co/docs/transformers/main/en/main_classes/text_generation)
[transformers] Both `max_new_tokens` (=12) and `max_length`(=2048) seem to have been set. `max_new_tokens` will take precedence. Please refer to the documentation for more information. (https://huggingface.co/docs/transformers/main/en/main_classes/text_generation)
[transformers] Both `max_new_tokens` (=12) and `max_length`(=2048) seem to have been set. `max_new_tokens` will take precedence. Please refer to the documentation for more information. (https://huggingface.co/docs/transformers/main/en/main_classes/text_generation)
[transformers] Both `max_new_tokens` (=12) and `max_length`(=2048) seem to have been set. `max_new_tokens` will take precedence. Please refer to the documentation for more information. (https://huggingface.co/docs/transformers/main/en/main_classes/text_generation)
[transformers] Both `max_new_tokens` (=12) and `max_length`(=2048) seem to have been set. `max_new_tokens` will take precedence. Please refer to the documentation for more information. (https://huggingface.co/docs/transformers/main/en/main_classes/text_generation)
[transformers] Both `max_new_tokens` (=12) and `max_length`(=2048) seem to have been set. `max_new_tokens` will take precedence. Please refer to the documentation for more information. (https://huggingface.co/docs/transformers/main/en/main_classes/text_generation)
[transformers] Both `max_new_tokens` (=12) and `max_length`(=2048) seem to have been set. `max_new_tokens` will take precedence. Please refer to the documentation for more information. (https://huggingface.co/docs/transformers/main/en/main_classes/text_generation)
[transformers] Both `max_new_tokens` (=12) and `max_length`(=2048) seem to have been set. `max_new_tokens` will take precedence. Please refer to the documentation for more information. (https://huggingface.co/docs/transformers/main/en/main_classes/text_generation)
[transformers] Both `max_new_tokens` (=12) and `max_length`(=2048) seem to have been set. `max_new_tokens` will take precedence. Please refer to the documentation for more information. (https://huggingface.co/docs/transformers/main/en/main_classes/text_generation)
[transformers] Both `max_new_tokens` (=12) and `max_length`(=2048) seem to have been set. `max_new_tokens` will take precedence. Please refer to the documentation for more information. (https://huggingface.co/docs/transformers/main/en/main_classes/text_generation)
[transformers] Both `max_new_tokens` (=12) and `max_length`(=2048) seem to have been set. `max_new_tokens` will take precedence. Please refer to the documentation for more information. (https://huggingface.co/docs/transformers/main/en/main_classes/text_generation)
[transformers] Both `max_new_tokens` (=12) and `max_length`(=2048) seem to have been set. `max_new_tokens` will take precedence. Please refer to the documentation for more information. (https://huggingface.co/docs/transformers/main/en/main_classes/text_generation)
[transformers] Both `max_new_tokens` (=12) and `max_length`(=2048) seem to have been set. `max_new_tokens` will take precedence. Please refer to the documentation for more information. (https://huggingface.co/docs/transformers/main/en/main_classes/text_generation)
[transformers] Both `max_new_tokens` (=12) and `max_length`(=2048) seem to have been set. `max_new_tokens` will take precedence. Please refer to the documentation for more information. (https://huggingface.co/docs/transformers/main/en/main_classes/text_generation)
[transformers] Both `max_new_tokens` (=12) and `max_length`(=2048) seem to have been set. `max_new_tokens` will take precedence. Please refer to the documentation for more information. (https://huggingface.co/docs/transformers/main/en/main_classes/text_generation)
[transformers] Both `max_new_tokens` (=12) and `max_length`(=2048) seem to have been set. `max_new_tokens` will take precedence. Please refer to the documentation for more information. (https://huggingface.co/docs/transformers/main/en/main_classes/text_generation)
[transformers] Both `max_new_tokens` (=12) and `max_length`(=2048) seem to have been set. `max_new_tokens` will take precedence. Please refer to the documentation for more information. (https://huggingface.co/docs/transformers/main/en/main_classes/text_generation)
[transformers] Both `max_new_tokens` (=12) and `max_length`(=2048) seem to have been set. `max_new_tokens` will take precedence. Please refer to the documentation for more information. (https://huggingface.co/docs/transformers/main/en/main_classes/text_generation)
[transformers] Both `max_new_tokens` (=12) and `max_length`(=2048) seem to have been set. `max_new_tokens` will take precedence. Please refer to the documentation for more information. (https://huggingface.co/docs/transformers/main/en/main_classes/text_generation)
[transformers] Both `max_new_tokens` (=12) and `max_length`(=2048) seem to have been set. `max_new_tokens` will take precedence. Please refer to the documentation for more information. (https://huggingface.co/docs/transformers/main/en/main_classes/text_generation)
[transformers] Both `max_new_tokens` (=12) and `max_length`(=2048) seem to have been set. `max_new_tokens` will take precedence. Please refer to the documentation for more information. (https://huggingface.co/docs/transformers/main/en/main_classes/text_generation)
[transformers] Both `max_new_tokens` (=12) and `max_length`(=2048) seem to have been set. `max_new_tokens` will take precedence. Please refer to the documentation for more information. (https://huggingface.co/docs/transformers/main/en/main_classes/text_generation)
[transformers] Both `max_new_tokens` (=12) and `max_length`(=2048) seem to have been set. `max_new_tokens` will take precedence. Please refer to the documentation for more information. (https://huggingface.co/docs/transformers/main/en/main_classes/text_generation)
[transformers] Both `max_new_tokens` (=12) and `max_length`(=2048) seem to have been set. `max_new_tokens` will take precedence. Please refer to the documentation for more information. (https://huggingface.co/docs/transformers/main/en/main_classes/text_generation)
[transformers] Both `max_new_tokens` (=12) and `max_length`(=2048) seem to have been set. `max_new_tokens` will take precedence. Please refer to the documentation for more information. (https://huggingface.co/docs/transformers/main/en/main_classes/text_generation)
[transformers] Both `max_new_tokens` (=12) and `max_length`(=2048) seem to have been set. `max_new_tokens` will take precedence. Please refer to the documentation for more information. (https://huggingface.co/docs/transformers/main/en/main_classes/text_generation)
[transformers] Both `max_new_tokens` (=12) and `max_length`(=2048) seem to have been set. `max_new_tokens` will take precedence. Please refer to the documentation for more information. (https://huggingface.co/docs/transformers/main/en/main_classes/text_generation)
[transformers] Both `max_new_tokens` (=12) and `max_length`(=2048) seem to have been set. `max_new_tokens` will take precedence. Please refer to the documentation for more information. (https://huggingface.co/docs/transformers/main/en/main_classes/text_generation)
[transformers] Both `max_new_tokens` (=12) and `max_length`(=2048) seem to have been set. `max_new_tokens` will take precedence. Please refer to the documentation for more information. (https://huggingface.co/docs/transformers/main/en/main_classes/text_generation)
[transformers] Both `max_new_tokens` (=12) and `max_length`(=2048) seem to have been set. `max_new_tokens` will take precedence. Please refer to the documentation for more information. (https://huggingface.co/docs/transformers/main/en/main_classes/text_generation)
[transformers] Both `max_new_tokens` (=12) and `max_length`(=2048) seem to have been set. `max_new_tokens` will take precedence. Please refer to the documentation for more information. (https://huggingface.co/docs/transformers/main/en/main_classes/text_generation)
[transformers] Both `max_new_tokens` (=12) and `max_length`(=2048) seem to have been set. `max_new_tokens` will take precedence. Please refer to the documentation for more information. (https://huggingface.co/docs/transformers/main/en/main_classes/text_generation)
[transformers] Both `max_new_tokens` (=12) and `max_length`(=2048) seem to have been set. `max_new_tokens` will take precedence. Please refer to the documentation for more information. (https://huggingface.co/docs/transformers/main/en/main_classes/text_generation)
[transformers] Both `max_new_tokens` (=12) and `max_length`(=2048) seem to have been set. `max_new_tokens` will take precedence. Please refer to the documentation for more information. (https://huggingface.co/docs/transformers/main/en/main_classes/text_generation)
[transformers] Both `max_new_tokens` (=12) and `max_length`(=2048) seem to have been set. `max_new_tokens` will take precedence. Please refer to the documentation for more information. (https://huggingface.co/docs/transformers/main/en/main_classes/text_generation)
[transformers] Both `max_new_tokens` (=12) and `max_length`(=2048) seem to have been set. `max_new_tokens` will take precedence. Please refer to the documentation for more information. (https://huggingface.co/docs/transformers/main/en/main_classes/text_generation)
[transformers] Both `max_new_tokens` (=12) and `max_length`(=2048) seem to have been set. `max_new_tokens` will take precedence. Please refer to the documentation for more information. (https://huggingface.co/docs/transformers/main/en/main_classes/text_generation)
[transformers] Both `max_new_tokens` (=12) and `max_length`(=2048) seem to have been set. `max_new_tokens` will take precedence. Please refer to the documentation for more information. (https://huggingface.co/docs/transformers/main/en/main_classes/text_generation)
[transformers] Both `max_new_tokens` (=12) and `max_length`(=2048) seem to have been set. `max_new_tokens` will take precedence. Please refer to the documentation for more information. (https://huggingface.co/docs/transformers/main/en/main_classes/text_generation)
[transformers] Both `max_new_tokens` (=12) and `max_length`(=2048) seem to have been set. `max_new_tokens` will take precedence. Please refer to the documentation for more information. (https://huggingface.co/docs/transformers/main/en/main_classes/text_generation)
[transformers] Both `max_new_tokens` (=12) and `max_length`(=2048) seem to have been set. `max_new_tokens` will take precedence. Please refer to the documentation for more information. (https://huggingface.co/docs/transformers/main/en/main_classes/text_generation)
  V=False fw=1 n_gen=10 outcome=1 present=False ranks=[] selected=False inj=True elapsed=41.263
[Phase-2 rerun] P2-R1-MODEB-ODD S seed=1 ...
  V=False fw=1 n_gen=10 outcome=1 present=False ranks=[] selected=False inj=True elapsed=0.031
[Phase-2 rerun] P2-R1-MODEB-ODD S seed=2 ...
  V=False fw=1 n_gen=10 outcome=1 present=False ranks=[] selected=False inj=True elapsed=0.027
[Phase-2 rerun] P2-R1-MODEB-ODD S seed=3 ...
  V=False fw=1 n_gen=10 outcome=1 present=False ranks=[] selected=False inj=True elapsed=0.026
[Phase-2 rerun] P2-R1-MODEB-ODD S seed=4 ...
  V=False fw=1 n_gen=10 outcome=1 present=False ranks=[] selected=False inj=True elapsed=0.026
[Phase-2 rerun] P2-R1-MODEB-ODD S seed=7 ...
  V=False fw=1 n_gen=10 outcome=1 present=False ranks=[] selected=False inj=True elapsed=0.026
[Phase-2 rerun] P2-R1-MODEB-ODD S seed=11 ...
  V=False fw=1 n_gen=10 outcome=1 present=False ranks=[] selected=False inj=True elapsed=0.027
[Phase-2 rerun] P2-R1-MODEB-ODD U seed=0 ...
[transformers] Both `max_new_tokens` (=12) and `max_length`(=2048) seem to have been set. `max_new_tokens` will take precedence. Please refer to the documentation for more information. (https://huggingface.co/docs/transformers/main/en/main_classes/text_generation)
[transformers] Both `max_new_tokens` (=12) and `max_length`(=2048) seem to have been set. `max_new_tokens` will take precedence. Please refer to the documentation for more information. (https://huggingface.co/docs/transformers/main/en/main_classes/text_generation)
  V=True fw=1 outcome=6 elapsed=1.631
[Phase-2 rerun] P2-R1-MODEB-ODD U seed=1 ...
  V=True fw=1 outcome=6 elapsed=0.025
[Phase-2 rerun] P2-R1-MODEB-ODD U seed=2 ...
  V=True fw=1 outcome=6 elapsed=0.024
[Phase-2 rerun] P2-R1-MODEB-ODD U seed=3 ...
  V=True fw=1 outcome=6 elapsed=0.025
[Phase-2 rerun] P2-R1-MODEB-ODD U seed=4 ...
  V=True fw=1 outcome=6 elapsed=0.023
[Phase-2 rerun] P2-R1-MODEB-ODD U seed=7 ...
  V=True fw=1 outcome=6 elapsed=0.022
[Phase-2 rerun] P2-R1-MODEB-ODD U seed=11 ...
  V=True fw=1 outcome=6 elapsed=0.023
FINAL H2 SUPPORTED
PHASE-2 COMPLETE: NEW EXPERIMENT NOT YET AUTHORIZED
agg_b_s {'1': 7, '2': 0, '3': 0, '4': 0, '5': 0, '6': 0} H2 SUPPORTED
